// Jest Snapshot v1, https://goo.gl/fbAQLP

exports[`Profile Screen Check if profil\`s screen is equal snapshot 1`] = `
<View>
  <Text>
    Profile
  </Text>
  <TextInput
    autoCorrect={false}
    placeholder="Nome"
  />
  <TextInput
    autoCorrect={false}
    placeholder="Sobrenome"
  />
  <View
    accessibilityRole="button"
    accessible={true}
    collapsable={false}
    focusable={true}
    onClick={[Function]}
    onResponderGrant={[Function]}
    onResponderMove={[Function]}
    onResponderRelease={[Function]}
    onResponderTerminate={[Function]}
    onResponderTerminationRequest={[Function]}
    onStartShouldSetResponder={[Function]}
    style={
      Object {
        "opacity": 1,
      }
    }
    testID="btn-salvar"
  >
    <View
      style={
        Array [
          Object {},
        ]
      }
    >
      <Text
        style={
          Array [
            Object {
              "color": "#007AFF",
              "fontSize": 18,
              "margin": 8,
              "textAlign": "center",
            },
          ]
        }
      >
        Salvar
      </Text>
    </View>
  </View>
</View>
`;
